exports[`Chart component matches the snapshot when no data passed 1`] = `null`;

exports[`Chart component matches the snapshot with data passed 1`] = `
<div
  className="recharts-wrapper"
  onClick={[Function]}
  onMouseDown={[Function]}
  onMouseEnter={[Function]}
  onMouseLeave={[Function]}
  onMouseMove={[Function]}
  onMouseUp={[Function]}
  onTouchMove={[Function]}
  style={
    Object {
      "cursor": "default",
      "height": 400,
      "position": "relative",
      "width": 700,
    }
  }>
  <svg
    className="recharts-surface"
    height={400}
    style={undefined}
    version="1.1"
    viewBox="0 0 700 400"
    width={700}>
    <g
      className="recharts-cartesian-grid">
      <g
        className="recharts-cartesian-grid-horizontal">
        <line
          fill="none"
          height={360}
          stroke="#ccc"
          strokeDasharray="3 3"
          width={570}
          x={100}
          x1={100}
          x2={670}
          y={5}
          y1={365}
          y2={365} />
        <line
          fill="none"
          height={360}
          stroke="#ccc"
          strokeDasharray="3 3"
          width={570}
          x={100}
          x1={100}
          x2={670}
          y={5}
          y1={242.2727272727273}
          y2={242.2727272727273} />
        <line
          fill="none"
          height={360}
          stroke="#ccc"
          strokeDasharray="3 3"
          width={570}
          x={100}
          x1={100}
          x2={670}
          y={5}
          y1={5}
          y2={5} />
      </g>
      <g
        className="recharts-cartesian-grid-vertical">
        <line
          fill="none"
          height={360}
          stroke="#ccc"
          strokeDasharray="3 3"
          width={570}
          x={100}
          x1={100}
          x2={100}
          y={5}
          y1={5}
          y2={365} />
        <line
          fill="none"
          height={360}
          stroke="#ccc"
          strokeDasharray="3 3"
          width={570}
          x={100}
          x1={385}
          x2={385}
          y={5}
          y1={5}
          y2={365} />
        <line
          fill="none"
          height={360}
          stroke="#ccc"
          strokeDasharray="3 3"
          width={570}
          x={100}
          x1={670}
          x2={670}
          y={5}
          y1={5}
          y2={365} />
      </g>
    </g>
    <g
      className="recharts-layer recharts-x-axis">
      <g
        className="recharts-layer recharts-cartesian-axis">
        <line
          className="recharts-cartesian-axis-line"
          fill="none"
          height={30}
          stroke="#666"
          width={570}
          x={100}
          x1={100}
          x2={670}
          y={365}
          y1={365}
          y2={365} />
        <g
          className="recharts-cartesian-axis-ticks">
          <g
            className="recharts-layer recharts-cartesian-axis-tick">
            <line
              className="recharts-cartesian-axis-tick-line"
              fill="none"
              height={30}
              stroke="#666"
              width={570}
              x={100}
              x1={100}
              x2={100}
              y={365}
              y1={371}
              y2={365} />
            <text
              className="recharts-text recharts-cartesian-axis-tick-value"
              fill="#666"
              height={30}
              stroke="none"
              textAnchor="middle"
              width={570}
              x={100}
              y={371}>
              <tspan
                dy="0.71em"
                x={100}>
                2017-03-28
              </tspan>
            </text>
          </g>
          <g
            className="recharts-layer recharts-cartesian-axis-tick">
            <line
              className="recharts-cartesian-axis-tick-line"
              fill="none"
              height={30}
              stroke="#666"
              width={570}
              x={100}
              x1={385}
              x2={385}
              y={365}
              y1={371}
              y2={365} />
            <text
              className="recharts-text recharts-cartesian-axis-tick-value"
              fill="#666"
              height={30}
              stroke="none"
              textAnchor="middle"
              width={570}
              x={385}
              y={371}>
              <tspan
                dy="0.71em"
                x={385}>
                2017-03-29
              </tspan>
            </text>
          </g>
          <g
            className="recharts-layer recharts-cartesian-axis-tick">
            <line
              className="recharts-cartesian-axis-tick-line"
              fill="none"
              height={30}
              stroke="#666"
              width={570}
              x={100}
              x1={670}
              x2={670}
              y={365}
              y1={371}
              y2={365} />
            <text
              className="recharts-text recharts-cartesian-axis-tick-value"
              fill="#666"
              height={30}
              stroke="none"
              textAnchor="middle"
              width={570}
              x={670}
              y={371}>
              <tspan
                dy="0.71em"
                x={670}>
                2017-03-30
              </tspan>
            </text>
          </g>
        </g>
      </g>
    </g>
    <g
      className="recharts-layer recharts-y-axis">
      <g
        className="recharts-layer recharts-cartesian-axis">
        <line
          className="recharts-cartesian-axis-line"
          fill="none"
          height={360}
          stroke="#666"
          width={60}
          x={40}
          x1={100}
          x2={100}
          y={5}
          y1={5}
          y2={365} />
        <g
          className="recharts-cartesian-axis-ticks">
          <g
            className="recharts-layer recharts-cartesian-axis-tick">
            <line
              className="recharts-cartesian-axis-tick-line"
              fill="none"
              height={360}
              stroke="#666"
              width={60}
              x={40}
              x1={94}
              x2={100}
              y={5}
              y1={365}
              y2={365} />
            <text
              className="recharts-text recharts-cartesian-axis-tick-value"
              fill="#666"
              height={360}
              stroke="none"
              textAnchor="end"
              width={60}
              x={94}
              y={365}>
              <tspan
                dy="0.355em"
                x={94}>
                1.23
              </tspan>
            </text>
          </g>
          <g
            className="recharts-layer recharts-cartesian-axis-tick">
            <line
              className="recharts-cartesian-axis-tick-line"
              fill="none"
              height={360}
              stroke="#666"
              width={60}
              x={40}
              x1={94}
              x2={100}
              y={5}
              y1={242.2727272727273}
              y2={242.2727272727273} />
            <text
              className="recharts-text recharts-cartesian-axis-tick-value"
              fill="#666"
              height={360}
              stroke="none"
              textAnchor="end"
              width={60}
              x={94}
              y={242.2727272727273}>
              <tspan
                dy="0.355em"
                x={94}>
                1.38
              </tspan>
            </text>
          </g>
          <g
            className="recharts-layer recharts-cartesian-axis-tick">
            <line
              className="recharts-cartesian-axis-tick-line"
              fill="none"
              height={360}
              stroke="#666"
              width={60}
              x={40}
              x1={94}
              x2={100}
              y={5}
              y1={5}
              y2={5} />
            <text
              className="recharts-text recharts-cartesian-axis-tick-value"
              fill="#666"
              height={360}
              stroke="none"
              textAnchor="end"
              width={60}
              x={94}
              y={5}>
              <tspan
                dy="0.355em"
                x={94}>
                1.67
              </tspan>
            </text>
          </g>
        </g>
      </g>
    </g>
    <g
      className="recharts-layer recharts-line-graphical">
      <g
        className="recharts-layer recharts-line-chart-wrapper">
        <g
          className="recharts-layer recharts-line-chart">
          <g
            className="recharts-layer recharts-line">
            <path
              className="recharts-curve recharts-line-curve"
              clipPath={null}
              d="M100,365C195,305,290,245,385,185C480,125,575,65,670,5"
              fill="none"
              height={360}
              onClick={undefined}
              onMouseEnter={undefined}
              onMouseLeave={undefined}
              stroke="#82ca9d"
              strokeWidth={1}
              style={
                Object {
                  "strokeDasharray": "0px 1px",
                }
              }
              width={570} />
            <g
              className="recharts-layer recharts-line-dots">
              <circle
                className="recharts-dot recharts-line-dot"
                cx={100}
                cy={365}
                fill="#fff"
                height={360}
                r={3}
                stroke="#82ca9d"
                strokeWidth={1}
                width={570} />
              <circle
                className="recharts-dot recharts-line-dot"
                cx={385}
                cy={185}
                fill="#fff"
                height={360}
                r={3}
                stroke="#82ca9d"
                strokeWidth={1}
                width={570} />
              <circle
                className="recharts-dot recharts-line-dot"
                cx={670}
                cy={5}
                fill="#fff"
                height={360}
                r={3}
                stroke="#82ca9d"
                strokeWidth={1}
                width={570} />
            </g>
          </g>
        </g>
        <g
          className="recharts-layer recharts-line-chart-dot" />
      </g>
    </g>
  </svg>
  <div
    className="recharts-legend-wrapper"
    style={
      Object {
        "bottom": 5,
        "height": "auto",
        "left": 40,
        "position": "absolute",
        "width": 630,
      }
    }>
    <ul
      className="recharts-default-legend"
      style={
        Object {
          "margin": 0,
          "padding": 0,
          "textAlign": "center",
        }
      }>
      <li
        className="recharts-legend-item legend-item-0"
        style={
          Object {
            "display": "inline-block",
            "marginRight": 10,
          }
        }>
        <svg
          className="recharts-surface"
          height={14}
          style={
            Object {
              "display": "inline-block",
              "marginRight": 4,
              "verticalAlign": "middle",
            }
          }
          version="1.1"
          viewBox="0 0 32 32"
          width={14}>
          <path
            className="recharts-legend-icon"
            d="M0,16h10.666666666666666
                      A5.333333333333333,5.333333333333333,0,1,1,21.333333333333332,16
                      H32M21.333333333333332,16
                      A5.333333333333333,5.333333333333333,0,1,1,10.666666666666666,16"
            fill="none"
            stroke="#82ca9d"
            strokeWidth={4} />
        </svg>
        <span
          className="recharts-legend-item-text">
          rate
        </span>
      </li>
    </ul>
  </div>
  <div
    className="recharts-tooltip-wrapper"
    style={
      Object {
        "MozTransform": "translate(undefinedpx, undefinedpx)",
        "OTransform": "translate(undefinedpx, undefinedpx)",
        "WebkitTransform": "translate(undefinedpx, undefinedpx)",
        "msTransform": "translate(undefinedpx, undefinedpx)",
        "pointerEvents": "none",
        "position": "absolute",
        "top": 0,
        "transform": "translate(undefinedpx, undefinedpx)",
        "visibility": "hidden",
      }
    }>
    <div
      className="recharts-default-tooltip"
      style={
        Object {
          "backgroundColor": "#fff",
          "border": "1px solid #ccc",
          "margin": 0,
          "padding": 10,
          "whiteSpace": "nowrap",
        }
      }>
      <p
        className="recharts-tooltip-label"
        style={
          Object {
            "margin": 0,
          }
        }>
        
      </p>
    </div>
  </div>
</div>
`;
