exports[`test Tagline component matches the snapshot 1`] = `
<div
  className="row">
  <div
    className="col-md-12 col-xs-12">
    <div
      className="page-header">
      <h1>
        Kursy walut NBP 
        <br />
        <small>
          Wed≈Çug tabeli A
        </small>
      </h1>
    </div>
  </div>
</div>
`;
